I'm sorry, but errors were detected in your script. Please correct the
errors listed below, and try again.


File "game/script.rpy", line 47: expected statement.
    main 
         ^

Ren'Py Version: Ren'Py 8.3.7.25031702
Sun May 11 15:31:07 2025
